MongoDB migration complete {
  datasets: 7,
  surahs: 114,
  verses: 6236,
  audioSources: 114,
  searchAyahs: 6236,
  reciters: 10
}
Cloudinary 1/114: about/b3.svg
Cloudinary 2/114: about/github-wordmark-logo-brandlogos.net_8jszq0y8b.svg
Cloudinary 3/114: about/about-me.gif
Cloudinary 4/114: about/my-github.png
Cloudinary 5/114: about/MongoDB.svg
Cloudinary 6/114: about/i6.svg
Cloudinary 7/114: about/Next.js-OaGXgRZeP_brandlogos.net.svg
Cloudinary 8/114: about/p5.svg
Cloudinary 9/114: about/node.js-logo-brandlogos.net_9gb0f3wp3.svg
Cloudinary 10/114: about/p6.svg
Cloudinary 11/114: about/postman-logo-brandlogos.net_394yrhhe5.svg
Cloudinary 12/114: about/vercel-logo-brandlogos.net_z7tyu1fer.svg
Cloudinary 13/114: about/react-logo-A60AB5e1_brandlogos.net.svg
Cloudinary 14/114: about/SQLite-kATlFTaf_brandlogos.net.svg
Cloudinary 15/114: about/tailwind-css-logo-brandlogos.net_lx9ncaaci.svg
Cloudinary 16/114: alf.png
Cloudinary 17/114: about/window.svg
Cloudinary 18/114: images/basmalh-dark.svg
Cloudinary 19/114: books-pdf.svg
Cloudinary 20/114: images/basmalh-light.svg
Cloudinary 21/114: images/google-btn-dark.svg
Cloudinary 22/114: images/google-btn-light.svg
Cloudinary 23/114: images/heroes/1b50f54c-75d1-4de9-8c5d-dc78ebfaf7cc.png
Cloudinary 24/114: images/google-btn-muted.svg
Cloudinary 25/114: images/heroes/hero.mp4
Cloudinary 26/114: images/heroes/hero2.png
Cloudinary 27/114: images/heroes/hero3.png
Cloudinary 28/114: images/heroes/hero1.png
Cloudinary 29/114: images/heroes/mobile-hero-2.png
Cloudinary 30/114: images/heroes/mobile-hero-3.png
Cloudinary 31/114: images/heroes/mobile-hero-4.png
Cloudinary 32/114: images/heroes/mobile-hero-5.png
Cloudinary 33/114: images/heroes/mobile-hero-1.mp4
Cloudinary 34/114: images/heroes/hero4.mp4
Cloudinary 35/114: images/heroes/mobile-hero-8.png
Cloudinary 36/114: images/heroes/mobile-hero-6.png
Cloudinary 37/114: images/heroes/mobile-hero-7.png
Cloudinary 38/114: images/heroes/mobile-hero-9.png
Cloudinary 39/114: images/library/001t.png
Cloudinary 40/114: images/library/001f.png
Cloudinary 41/114: images/library/002t.png
Cloudinary 42/114: images/library/002f.png
Cloudinary 43/114: images/library/004f.png
Cloudinary 44/114: images/library/003f.png
Cloudinary 45/114: images/library/012.png
Cloudinary 46/114: images/library/Al-Fiqh_Al-Islami_Wa_Adillatuh1.png
Cloudinary 47/114: images/library/Al-Fiqh_Al-Islami_Wa_Adillatuh2.png
Cloudinary 48/114: images/library/Al-Fiqh_Al-Islami_Wa_Adillatuh4.png
Cloudinary 49/114: images/library/Al-Fiqh_Al-Islami_Wa_Adillatuh3.png
Cloudinary 50/114: images/library/Al-Fiqh_Al-Islami_Wa_Adillatuh5.png
Cloudinary 51/114: images/library/Al-Fiqh_Al-Islami_Wa_Adillatuh6.png
Cloudinary 52/114: images/library/Al-Fiqh_Al-Islami_Wa_Adillatuh7.png
Cloudinary 53/114: images/library/Al-Fiqh_Al-Islami_Wa_Adillatuh8.png
Cloudinary 54/114: images/library/Ketab_El-Tawheed.png
Cloudinary 55/114: images/library/qesas_al-anbyaa.png
Cloudinary 56/114: images/library/quran_pdf/001.png
Cloudinary 57/114: images/library/quran_pdf/002.png
Cloudinary 58/114: images/library/quran_pdf/004.png
Cloudinary 59/114: images/library/quran_pdf/003.png
Cloudinary 60/114: images/library/quran_pdf/005.png
Cloudinary 61/114: images/library/quran_pdf/006.png
Cloudinary 62/114: images/library/quran_pdf/007.png
Cloudinary 63/114: images/library/quran_pdf/010.png
Cloudinary 64/114: images/library/quran_pdf/008.png
Cloudinary 65/114: images/library/quran_pdf/011.png
Cloudinary 66/114: images/library/quran_pdf/012.png
Cloudinary 67/114: images/library/quran_pdf/013.png
